{
   "Name":"bca",
   "AccountName":"PT. Nusamudatech",
   "AccountNo":166011298201,
   "Image":{
      "url":"https://www.freepnglogos.com/uploads/logo-bca-png/bank-central-asia-logo-bank-central-asia-bca-format-cdr-png-gudril-1.png",
      "width":52,
      "height":16,
      "mime":"",
      "caption":""
   }
}