[
    {
        "id":1,
        "name":"Mathematics",
        "created_at":"2022-02-19T15:28:45.45922+07:00"
    },
    {
        "id":2,
        "name":"Physic",
        "created_at":"2022-02-19T15:28:50.45922+07:00"
    },
    {
        "id":3,
        "name":"Chemistry",
        "created_at":"2022-02-19T15:28:55.45922+07:00"
    }
]