[
   {
      "id":1,
      "scholarship_id":1,
      "deadline":"2022-02-16T12:05:46.182604+07:00",
      "transfer_date":"2022-02-14T18:05:46.182604+07:00",
      "bank_account_name":"alexander purwoto",
      "bank_account_no":"9998881111",
      "image":{
         "url":"http://image.jpg",
         "width":200,
         "height":200,
         "mime":"",
         "caption":""
      },
      "created_at":"2022-02-11T11:52:46.182604+07:00"
   },
   {
      "id":2,
      "scholarship_id":2,
      "deadline":"2022-02-16T02:05:46.182604+07:00",
      "transfer_date":"2022-02-14T08:05:46.182604+07:00",
      "bank_account_name":"michael jui",
      "bank_account_no":"817263545",
      "image":{
         "url":"http://image/payment.jpg",
         "width":200,
         "height":200,
         "mime":"",
         "caption":""
      },
      "created_at":"2022-02-11T11:54:46.182604+07:00"
   }
]
